// Jest Snapshot v1, https://goo.gl/fbAQLP

exports[`Menu renders correctly 1`] = `
<nav
  className="menu"
>
  <a
    className="menu__link"
    href="/#0/"
  >
    Item 0
  </a>
  <a
    className="menu__link"
    href="/#1/"
  >
    Item 1
  </a>
</nav>
`;
