// Jest Snapshot v1, https://goo.gl/fbAQLP

exports[`Header renders correctly 1`] = `
<header
  className="MuiPaper-root MuiAppBar-root MuiAppBar-positionStatic MuiAppBar-colorPrimary MuiPaper-elevation4"
>
  <div
    className="MuiToolbar-root MuiToolbar-regular MuiToolbar-gutters"
  >
    <a
      className="header__title"
      href="/"
    >
      Test title
    </a>
    <nav
      className="menu"
    >
      <a
        className="menu__link"
        href="/test/1/"
      >
        Test label 1
      </a>
      <a
        className="menu__link"
        href="/test/2/"
      >
        Test label 2
      </a>
      <a
        className="menu__link"
        href="/test/3/"
      >
        Test label 3
      </a>
    </nav>
    <nav
      className="drawer"
    >
      <button
        className="MuiButtonBase-root MuiButton-root MuiButton-text"
        disabled={false}
        onBlur={[Function]}
        onClick={[Function]}
        onDragLeave={[Function]}
        onFocus={[Function]}
        onKeyDown={[Function]}
        onKeyUp={[Function]}
        onMouseDown={[Function]}
        onMouseLeave={[Function]}
        onMouseUp={[Function]}
        onTouchEnd={[Function]}
        onTouchMove={[Function]}
        onTouchStart={[Function]}
        tabIndex={0}
        type="button"
      >
        <span
          className="MuiButton-label"
        >
          <svg
            aria-hidden={true}
            className="MuiSvgIcon-root drawer__icon"
            focusable="false"
            viewBox="0 0 24 24"
          >
            <path
              d="M3 18h18v-2H3v2zm0-5h18v-2H3v2zm0-7v2h18V6H3z"
            />
          </svg>
        </span>
      </button>
    </nav>
  </div>
</header>
`;
